SUMMARY_INSPECT
{"kind":"table","sheet":"状态汇总","address":"A5:H18","rows":14,"cols":8,"values":[["关键指标","结果",null,"来源分类","条目数",null,"优先级","条目数"],["BOM总条目",37,null,"比赛物料",18,null,"P0",29],["P0条目",29,null,"自备",16,null,"P1",3],["比赛物料条目",18,null,"3D打印",2,null,"升级",2],["自备条目",16,null,"未来升级",1,null,"排除",3],["待实测/待选型",13,null,null,null,null,null,null],["排除项",3,null,null,null,null,null,null],["当前预算总额（元）",0,null,null,null,null,null,null],[null,null,null,null,null,null,null,null],["冻结前的四个动作",null,null,null,null,null,null,null],["1. G0：逐件拍照并记录型号、接口、电压、尺寸；原图编号只作领取索引。",null,null,null,null,null,null,null],["2. G1：用最终重量假负载测试TT马达、驱动、分路电源、急停、停止距离与温升。",null,null,null,null,null,null,null],["3. 头部称重后按力臂×2.5动态系数选择180°定位舵机；50号360°舵机不得替代。",null,null,null,null,null,null,null],["4. 若进入Sim2Real，再采购编码器或编码电机；策略只输出v/ω，安全层保留最终裁决。",null,null,null,null,null,null,null]]}
BOM_INSPECT
{"kind":"table","sheet":"牛来BOM","address":"A5:R42","rows":38,"cols":18,"values":[["序号","优先级","子系统","物料/部件","规格/用途","需求数量","已领/已有","待购数量","单位","来源","比赛编号","原图库存","选型状态","预算单价（元）","预算小计（元）","验证门禁","备注","来源证据"],[1,"P0","主控","ESP32-S3 核心板 N16R8","16MB Flash + 8MB PSRAM；到手后复核板载模组与引脚",1,0,1,"块","比赛物料","46",40,"冻结",null,"","G0：拍照记录丝印、供电方式、USB与可用GPIO","核心计算与控制板","黑客松物料表-原图.png；系统架构 §5.1"],[2,"P0","移动底盘","TT 马达","普通直流减速电机；仅作P0原型候选",2,0,2,"个","比赛物料","51",20,"原型候选",null,"","G1：测额定电压、空载/堵转电流、假负载扭矩与温升","最终重量不足则换25GA/37GB；Sim2Real需编码器","黑客松物料表-原图.png；系统架构 §5.1"],[3,"P0","显示","2.42寸 OLED 屏幕","双眼共用一块屏；驱动芯片与I2C/SPI接口待确认",1,0,1,"块","比赛物料","53",5,"首选待实测",null,"","G0：确认驱动芯片、电压、接口、刷新率和可视区域","数量有限，优先领取","黑客松物料表-原图.png；系统架构 §5.1"],[4,"P0","音频输出","4Ω喇叭","与MAX98357A I2S功放配套；额定功率待确认",1,0,1,"个","比赛物料","55",30,"待实测",null,"","G0/G1：确认额定功率；最大音量无破音且不触发棕断","ESP32不可直接驱动","黑客松物料表-原图.png；系统架构 §5.1"],[5,"P1","灯效","WS2812灯带","状态与情绪灯效；控制线串阻并按长度核算供电",1,0,1,"条","比赛物料","57",40,"P1可选",null,"","G1：全亮峰值电流与音频/电机并发测试","P0可先不装","黑客松物料表-原图.png；系统架构 §5.1"],[6,"P0","人员存在检测","24GHz毫米波雷达（120×120）","原图描述：运动11m、微动10m；优先候选",1,0,1,"块","比赛物料","61",5,"首选待实测",null,"","G0：确认型号、UART/GPIO、电压、FOV与静止人体检测","胸前非金属雷达窗后安装","黑客松物料表-原图.png；系统架构 §5.1"],[7,"P0","人员存在检测","24GHz毫米波雷达（100°）","原图描述：16m存在、25m运动；61号不可用时备选",0,0,0,"块","比赛物料","60",3,"备选",null,"","G0：仅在61号不可领或接口不兼容时评估","不与61号同时装机","黑客松物料表-原图.png；系统架构 §5.1"],[8,"P0","前向避障","超声波 HC-SR04","前方障碍检测；Echo必须做5V→3.3V电平转换",1,0,1,"块","比赛物料","67",10,"冻结",null,"","G1：测盲区、壳体开孔影响与最大速度下停车距离","不能作为人员存在检测","黑客松物料表-原图.png；系统架构 §5.1"],[9,"P0","电源","MP1584EN降压模块","逻辑/音频、舵机、电机分路候选；具体路数按实测调整",3,0,3,"块","比赛物料","40",33,"首选待实测",null,"","G1：逐路测持续/峰值电流、纹波、温升与棕断","共地但负载分域；禁止从ESP32板给电机供电","黑客松物料表-原图.png；系统架构 §5.1"],[10,"P1","日志存储","SD卡读卡模块","P1结构化事件日志；P0先用串口/RAM环形日志",1,0,1,"块","比赛物料","41",33,"P1可选",null,"","G2：连续写入、掉电恢复与写满轮转测试","不默认存原始音频或图像","黑客松物料表-原图.png；系统架构 §5.1"],[11,"P0","原型调试","电阻包","超声波分压、上拉/下拉、LED与信号调试",1,0,1,"包","比赛物料","47",30,"冻结",null,"","G0：确认常用阻值覆盖","最终装机改为焊接/端子连接","黑客松物料表-原图.png"],[12,"P0","原型调试","面包板","桌面联调使用，不进入移动整机",1,0,1,"块","比赛物料","48",40,"冻结",null,"","G0：桌面原型可用；G2前移除","运动环境禁止把面包板当永久连接","黑客松物料表-原图.png"],[13,"P0","原型调试","杜邦线（公公/公母/母母）","桌面联调线材",1,0,1,"套","比赛物料","49",40,"冻结",null,"","G0：确认线序；G2前替换为锁止接插件","移动整机不依赖松动杜邦线","黑客松物料表-原图.png"],[14,"P0","本地输入","按键开关模块","鼻部确认/录音触发或调试输入；不承担急停",2,0,2,"块","比赛物料","29",33,"原型候选",null,"","G0：去抖、长按与断线默认态测试","急停必须使用独立锁存式实体按钮","黑客松物料表-原图.png"],[15,"升级","姿态感知","高性能6轴MEMS运动跟踪模块","Sim2Real/姿态事件候选；确切芯片与量程未知",1,0,1,"块","比赛物料","69（原图疑似59）",5,"待实测",null,"","G0：核对原图误号、芯片、I2C地址、量程与采样率","原图编号顺序为58、69、60，保留疑点不擅自改号","黑客松物料表-原图.png"],[16,"P0","电机驱动","DRV8833双路电机驱动模块","1.5A RMS/桥为芯片级参考；模块散热与堵转电流必须实测",1,0,1,"块","自备","—",null,"首选待实测",null,"","G1：驱动持续/峰值电流、堵转保护与30分钟温升","若不满足则换更高电流驱动；TB6612仅备选","系统架构 §5.1"],[17,"P0","音频输入","INMP441 I2S麦克风","16kHz单声道；耳部安装并远离扬声器和电机",1,0,1,"块","自备","—",null,"冻结",null,"","G1：装壳前后KWS/录音信噪比与电机噪声测试","普通声音传感器不能替代","系统架构 §5.1"],[18,"P0","音频输出","MAX98357A I2S功放","驱动4Ω扬声器；逻辑/音频独立供电",1,0,1,"块","自备","—",null,"冻结",null,"","G1：最大音量、失真、温升与电源压降测试","与麦克风物理隔离","系统架构 §5.1"],[19,"P0","头部动作","180°可定位金属齿舵机","转头/点头两轴；扭矩按头部实重与力臂×2.5动态系数选",2,0,2,"个","自备","—",null,"待称重选型",null,"","G0/G2：称重算扭矩、软/机械限位、卡滞与100次循环","禁止使用50号360°连续旋转舵机","系统架构 §5.1"],[20,"P0","嘴部动作","180°微型定位舵机","嘴部开合；弹簧回位并设置机械限位",1,0,1,"个","自备","—",null,"待称重选型",null,"","G2：软限位、堵转超时、线缆余量和100次循环","可从轻载微型舵机起步","系统架构 §5.1"],[21,"P0","电源","2S带保护电池包","7.4V标称；容量、放电倍率、接口与认证待最终负载确认",1,0,1,"包","自备","—",null,"待实测",null,"","G1：BMS、反接、峰值电流、低电阈值、固定与运输检查","不采用裸电芯或未知保护电池盒","系统架构 §5.1"],[22,"P0","充电","8.4V合规充电器","与2S电池化学体系、接口和充电电流匹配",1,0,1,"个","自备","—",null,"待实测",null,"","G1：充电截止、温升、接口防呆；比赛版不边充边跑","必须与最终电池成套确认","系统架构 §5.1"],[23,"P0","安全","锁存式实体急停按钮","直接切断执行器电源；逻辑保持上电记录原因",1,0,1,"个","自备","—",null,"冻结",null,"","G1：运动中触发/复位各50次，目标≤100ms进入安全态","普通按键模块不能替代","系统架构 §5.1"],[24,"P0","安全","保险丝及保险座","额定值按最终堵转与线路电流确定",1,0,1,"套","自备","—",null,"待实测",null,"","G1：短时堵转与过流验证；不超过线材/接插件额定值","安装在电池总输出近端","系统架构 §5.1"],[25,"P0","电源","主电源开关","整机总电源；额定电流与电池输出匹配",1,0,1,"个","自备","—",null,"待实测",null,"","G1：带载通断、温升、误触与维护可达性","与急停职责分开","系统架构 §5.1"],[26,"P0","移动底盘","TT马达配套车轮","建议约65mm；最终轮径需与扭矩和壳体离地间隙联调",2,0,2,"个","自备","—",null,"原型候选",null,"","G1：同轴度、打滑、急停、转弯和壳体干涉","轮径改变需同步修正控制参数","系统架构 §5.1"],[27,"P0","移动底盘","后部滚珠轮/万向轮","与两驱轮组成稳定三点支撑",1,0,1,"个","自备","—",null,"冻结",null,"","G1：接缝通过、转向阻力、防卡滞与急停稳定性","优先低矮轻量结构","系统架构 §5.1"],[28,"P0","机械安全","前防倾支点","正常行驶不拖地，急停或前倾时先于外壳触地",1,0,1,"个","3D打印","—",null,"冻结",null,"","G1/G3：最终重量假负载急停与转向各20次不倾倒","与底盘工程骨架一体设计","系统架构 §5.1"],[29,"P0","线束","锁止接插件与多规格线材套件","JST-XH/端子等；按电流分线径并做应力释放",1,0,1,"套","自备","—",null,"待实测",null,"","G2：摇晃、装拆、拉力、反接防呆与温升检查","杜邦线仅限桌面调试","系统架构 §5.1"],[30,"P0","机械装配","M2/M3螺丝、螺母与垫片","覆盖舵机、主控、骨架、检修门和电池仓",1,0,1,"套","自备","—",null,"冻结",null,"","G0：按实物孔位建立紧固件清单；完成3次无损装拆","不把关键承力件永久胶粘","系统架构 §5.1"],[31,"P0","机械装配","M2/M3热熔螺母","打印件反复装拆接口",1,0,1,"套","自备","—",null,"冻结",null,"","G0/G2：先打印孔径试片，再冻结热熔孔参数","按材料收缩修正孔径","系统架构 §5.1"],[32,"P0","3D打印","PLA/PETG打印耗材","外观件优先PLA；电机座/舵机座等承力件优先PETG",1,0,1,"套","自备","—",null,"冻结",null,"","G0：切片包络、关键接口试片、层间强度与温升检查","混元/群核只负责外观；FreeCAD骨架负责承力孔位","系统架构 §5.1"],[33,"P1","扩展结构","Insta360预留安装座","仅做加强区、螺纹/绑带接口和重心预留，不安装摄像机",1,0,1,"个","3D打印","—",null,"P1可选",null,"","G2：CAD干涉、检修门可达性与重心检查","P0不采集图像","系统架构 §5.1"],[34,"升级","Sim2Real","带编码器减速电机或编码器套件","替换/改造普通TT马达，提供真实轮速反馈",2,0,2,"个","未来升级","—",null,"升级项",null,"","升级门：编码器分辨率、轮速闭环、丢脉冲和低速控制验证","不与普通TT马达重复采购；二选一","ESP32 Sim2Real调研；系统架构 §5.1"],[35,"排除","舵机","SG90（360°）","连续旋转舵机，不能提供可重复的目标角度",0,0,0,"个","比赛物料","50",30,"排除",null,"","不得用于转头、点头或嘴部定位","可留作尾巴连续旋转实验，但不进入P0 BOM","黑客松物料表-原图.png"],[36,"排除","音频输入","麦克风声音传感器模块","只能检测声音幅度，不能替代语音采集麦克风",0,0,0,"块","比赛物料","35",33,"排除",null,"","不得用于ASR/KWS音频输入","语音链路使用INMP441","黑客松物料表-原图.png"],[37,"排除","电源","UNO R3移动电源电池盒+电池","保护、串数、容量、放电能力和接口均未确认",0,0,0,"套","比赛物料","66",10,"排除",null,"","未完成电池/BMS/充电合规核验前不得装机","正式方案使用成套2S保护电池与充电器","黑客松物料表-原图.png"]]}
FORMULA_ERROR_SCAN
{"kind":"notice","message":"Cell search matched 0 entries."}
Inspect result written to file: E:\AI WORK\硬件黑客松\outputs\01a05554-3dd0-7930-9868-25009645249e\牛来机器人-BOM-v0.1.xlsx.inspect.ndjson
ROUND_TRIP_SHEETS
{"kind":"sheet","id":"ws/7683jt","name":"牛来BOM","index":0,"range":"A1:R42","address":"A1:R42"}
{"kind":"sheet","id":"ws/6bug7j","name":"比赛物料映射","index":1,"range":"A1:H25","address":"A1:H25"}
{"kind":"sheet","id":"ws/zidbtw","name":"采购缺口","index":2,"range":"A1:M24","address":"A1:M24"}
{"kind":"sheet","id":"ws/wvv27e","name":"状态汇总","index":3,"range":"A1:H18","address":"A1:H18"}
ROUND_TRIP_ERROR_SCAN
{"kind":"notice","message":"Cell search matched 0 entries."}
{
  "outputPath": "E:\\AI WORK\\硬件黑客松\\outputs\\01a05554-3dd0-7930-9868-25009645249e\\牛来机器人-BOM-v0.1.xlsx",
  "sheets": [
    "牛来BOM",
    "比赛物料映射",
    "采购缺口",
    "状态汇总"
  ],
  "bomRows": 37,
  "mappingRows": 20,
  "procurementRows": 19
}
